419	5.000000	102/102_44.jpg
248	3.000000	100/100_5.jpg
398	5.000000	102/102_25.jpg
86	0.000000	0/0_78.jpg
413	5.000000	102/102_39.jpg
136	2.000000	10/10_15.jpg
380	5.000000	102/102_0.jpg
253	3.000000	100/100_54.jpg
197	2.000000	10/10_70.jpg
146	2.000000	10/10_24.jpg
231	3.000000	100/100_34.jpg
166	2.000000	10/10_42.jpg
425	5.000000	102/102_5.jpg
267	3.000000	100/100_67.jpg
139	2.000000	10/10_18.jpg
103	0.000000	0/0_93.jpg
322	4.000000	101/101_47.jpg
117	1.000000	1/1_15.jpg
301	4.000000	101/101_28.jpg
102	0.000000	0/0_92.jpg
210	3.000000	100/100_15.jpg
428	5.000000	102/102_6.jpg
348	4.000000	101/101_70.jpg
119	1.000000	1/1_17.jpg
70	0.000000	0/0_63.jpg
273	3.000000	100/100_72.jpg
250	3.000000	100/100_51.jpg
478	6.000000	103/103_5.jpg
168	2.000000	10/10_44.jpg
451	6.000000	103/103_25.jpg
257	3.000000	100/100_58.jpg
0	0.000000	0/0_0.jpg
379	4.000000	101/101_99.jpg
468	6.000000	103/103_40.jpg
388	5.000000	102/102_16.jpg
378	4.000000	101/101_98.jpg
321	4.000000	101/101_46.jpg
255	3.000000	100/100_56.jpg
145	2.000000	10/10_23.jpg
351	4.000000	101/101_73.jpg
481	6.000000	103/103_52.jpg
412	5.000000	102/102_38.jpg
275	3.000000	100/100_74.jpg
143	2.000000	10/10_21.jpg
67	0.000000	0/0_60.jpg
260	3.000000	100/100_60.jpg
38	0.000000	0/0_34.jpg
464	6.000000	103/103_37.jpg
344	4.000000	101/101_67.jpg
494	6.000000	103/103_64.jpg
105	0.000000	0/0_95.jpg
14	0.000000	0/0_12.jpg
96	0.000000	0/0_87.jpg
474	6.000000	103/103_46.jpg
305	4.000000	101/101_31.jpg
403	5.000000	102/102_3.jpg
88	0.000000	0/0_8.jpg
135	2.000000	10/10_14.jpg
426	5.000000	102/102_50.jpg
391	5.000000	102/102_19.jpg
376	4.000000	101/101_96.jpg
280	4.000000	101/101_1.jpg
125	1.000000	1/1_6.jpg
104	0.000000	0/0_94.jpg
293	4.000000	101/101_20.jpg
521	6.000000	103/103_89.jpg
442	6.000000	103/103_17.jpg
131	2.000000	10/10_10.jpg
95	0.000000	0/0_86.jpg
142	2.000000	10/10_20.jpg
528	6.000000	103/103_95.jpg
266	3.000000	100/100_66.jpg
16	0.000000	0/0_14.jpg
529	6.000000	103/103_96.jpg
147	2.000000	10/10_25.jpg
225	3.000000	100/100_29.jpg
491	6.000000	103/103_61.jpg
377	4.000000	101/101_97.jpg
36	0.000000	0/0_32.jpg
309	4.000000	101/101_35.jpg
221	3.000000	100/100_25.jpg
338	4.000000	101/101_61.jpg
90	0.000000	0/0_81.jpg
397	5.000000	102/102_24.jpg
254	3.000000	100/100_55.jpg
386	5.000000	102/102_14.jpg
9	0.000000	0/0_106.jpg
452	6.000000	103/103_26.jpg
446	6.000000	103/103_20.jpg
501	6.000000	103/103_70.jpg
123	1.000000	1/1_4.jpg
5	0.000000	0/0_102.jpg
249	3.000000	100/100_50.jpg
187	2.000000	10/10_61.jpg
184	2.000000	10/10_59.jpg
203	3.000000	100/100_0.jpg
500	6.000000	103/103_7.jpg
274	3.000000	100/100_73.jpg
331	4.000000	101/101_55.jpg
517	6.000000	103/103_85.jpg
511	6.000000	103/103_8.jpg
191	2.000000	10/10_65.jpg
526	6.000000	103/103_93.jpg
174	2.000000	10/10_5.jpg
288	4.000000	101/101_16.jpg
516	6.000000	103/103_84.jpg
374	4.000000	101/101_94.jpg
294	4.000000	101/101_21.jpg
488	6.000000	103/103_59.jpg
453	6.000000	103/103_27.jpg
382	5.000000	102/102_10.jpg
495	6.000000	103/103_65.jpg
341	4.000000	101/101_64.jpg
159	2.000000	10/10_36.jpg
66	0.000000	0/0_6.jpg
109	0.000000	0/0_99.jpg
520	6.000000	103/103_88.jpg
354	4.000000	101/101_76.jpg
506	6.000000	103/103_75.jpg
219	3.000000	100/100_23.jpg
303	4.000000	101/101_3.jpg
33	0.000000	0/0_3.jpg
50	0.000000	0/0_45.jpg
473	6.000000	103/103_45.jpg
401	5.000000	102/102_28.jpg
115	1.000000	1/1_13.jpg
440	6.000000	103/103_15.jpg
256	3.000000	100/100_57.jpg
55	0.000000	0/0_5.jpg
350	4.000000	101/101_72.jpg
157	2.000000	10/10_34.jpg
251	3.000000	100/100_52.jpg
357	4.000000	101/101_79.jpg
111	1.000000	1/1_1.jpg
162	2.000000	10/10_39.jpg
439	6.000000	103/103_14.jpg
445	6.000000	103/103_2.jpg
336	4.000000	101/101_6.jpg
15	0.000000	0/0_13.jpg
364	4.000000	101/101_85.jpg
21	0.000000	0/0_19.jpg
297	4.000000	101/101_24.jpg
207	3.000000	100/100_12.jpg
151	2.000000	10/10_29.jpg
499	6.000000	103/103_69.jpg
190	2.000000	10/10_64.jpg
212	3.000000	100/100_17.jpg
41	0.000000	0/0_37.jpg
132	2.000000	10/10_11.jpg
156	2.000000	10/10_33.jpg
315	4.000000	101/101_40.jpg
113	1.000000	1/1_11.jpg
216	3.000000	100/100_20.jpg
295	4.000000	101/101_22.jpg
68	0.000000	0/0_61.jpg
164	2.000000	10/10_40.jpg
204	3.000000	100/100_1.jpg
224	3.000000	100/100_28.jpg
363	4.000000	101/101_84.jpg
169	2.000000	10/10_45.jpg
20	0.000000	0/0_18.jpg
287	4.000000	101/101_15.jpg
272	3.000000	100/100_71.jpg
335	4.000000	101/101_59.jpg
345	4.000000	101/101_68.jpg
238	3.000000	100/100_40.jpg
312	4.000000	101/101_38.jpg
87	0.000000	0/0_79.jpg
314	4.000000	101/101_4.jpg
214	3.000000	100/100_19.jpg
480	6.000000	103/103_51.jpg
525	6.000000	103/103_92.jpg
406	5.000000	102/102_32.jpg
313	4.000000	101/101_39.jpg
434	6.000000	103/103_10.jpg
78	0.000000	0/0_70.jpg
239	3.000000	100/100_41.jpg
76	0.000000	0/0_69.jpg
160	2.000000	10/10_37.jpg
30	0.000000	0/0_27.jpg
271	3.000000	100/100_70.jpg
93	0.000000	0/0_84.jpg
450	6.000000	103/103_24.jpg
458	6.000000	103/103_31.jpg
487	6.000000	103/103_58.jpg
509	6.000000	103/103_78.jpg
317	4.000000	101/101_42.jpg
59	0.000000	0/0_53.jpg
181	2.000000	10/10_56.jpg
455	6.000000	103/103_29.jpg
263	3.000000	100/100_63.jpg
47	0.000000	0/0_42.jpg
176	2.000000	10/10_51.jpg
417	5.000000	102/102_42.jpg
399	5.000000	102/102_26.jpg
134	2.000000	10/10_13.jpg
448	6.000000	103/103_22.jpg
7	0.000000	0/0_104.jpg
65	0.000000	0/0_59.jpg
373	4.000000	101/101_93.jpg
217	3.000000	100/100_21.jpg
171	2.000000	10/10_47.jpg
12	0.000000	0/0_109.jpg
469	6.000000	103/103_41.jpg
52	0.000000	0/0_47.jpg
514	6.000000	103/103_82.jpg
424	5.000000	102/102_49.jpg
447	6.000000	103/103_21.jpg
482	6.000000	103/103_53.jpg
245	3.000000	100/100_47.jpg
507	6.000000	103/103_76.jpg
161	2.000000	10/10_38.jpg
472	6.000000	103/103_44.jpg
32	0.000000	0/0_29.jpg
441	6.000000	103/103_16.jpg
415	5.000000	102/102_40.jpg
28	0.000000	0/0_25.jpg
436	6.000000	103/103_11.jpg
57	0.000000	0/0_51.jpg
3	0.000000	0/0_100.jpg
8	0.000000	0/0_105.jpg
265	3.000000	100/100_65.jpg
292	4.000000	101/101_2.jpg
531	6.000000	103/103_98.jpg
196	2.000000	10/10_7.jpg
508	6.000000	103/103_77.jpg
393	5.000000	102/102_20.jpg
72	0.000000	0/0_65.jpg
237	3.000000	100/100_4.jpg
120	1.000000	1/1_18.jpg
200	2.000000	10/10_73.jpg
241	3.000000	100/100_43.jpg
172	2.000000	10/10_48.jpg
422	5.000000	102/102_47.jpg
286	4.000000	101/101_14.jpg
215	3.000000	100/100_2.jpg
523	6.000000	103/103_90.jpg
264	3.000000	100/100_64.jpg
307	4.000000	101/101_33.jpg
463	6.000000	103/103_36.jpg
186	2.000000	10/10_60.jpg
334	4.000000	101/101_58.jpg
183	2.000000	10/10_58.jpg
375	4.000000	101/101_95.jpg
512	6.000000	103/103_80.jpg
188	2.000000	10/10_62.jpg
91	0.000000	0/0_82.jpg
429	5.000000	102/102_7.jpg
240	3.000000	100/100_42.jpg
43	0.000000	0/0_39.jpg
300	4.000000	101/101_27.jpg
532	6.000000	103/103_99.jpg
498	6.000000	103/103_68.jpg
291	4.000000	101/101_19.jpg
261	3.000000	100/100_61.jpg
360	4.000000	101/101_81.jpg
423	5.000000	102/102_48.jpg
330	4.000000	101/101_54.jpg
404	5.000000	102/102_30.jpg
45	0.000000	0/0_40.jpg
54	0.000000	0/0_49.jpg
246	3.000000	100/100_48.jpg
79	0.000000	0/0_71.jpg
10	0.000000	0/0_107.jpg
339	4.000000	101/101_62.jpg
226	3.000000	100/100_3.jpg
23	0.000000	0/0_20.jpg
35	0.000000	0/0_31.jpg
342	4.000000	101/101_65.jpg
179	2.000000	10/10_54.jpg
220	3.000000	100/100_24.jpg
282	4.000000	101/101_100.jpg
201	2.000000	10/10_8.jpg
327	4.000000	101/101_51.jpg
114	1.000000	1/1_12.jpg
278	3.000000	100/100_9.jpg
475	6.000000	103/103_47.jpg
154	2.000000	10/10_31.jpg
56	0.000000	0/0_50.jpg
258	3.000000	100/100_59.jpg
477	6.000000	103/103_49.jpg
69	0.000000	0/0_62.jpg
234	3.000000	100/100_37.jpg
37	0.000000	0/0_33.jpg
323	4.000000	101/101_48.jpg
281	4.000000	101/101_10.jpg
369	4.000000	101/101_9.jpg
359	4.000000	101/101_80.jpg
100	0.000000	0/0_90.jpg
228	3.000000	100/100_31.jpg
195	2.000000	10/10_69.jpg
194	2.000000	10/10_68.jpg
89	0.000000	0/0_80.jpg
485	6.000000	103/103_56.jpg
510	6.000000	103/103_79.jpg
163	2.000000	10/10_4.jpg
395	5.000000	102/102_22.jpg
324	4.000000	101/101_49.jpg
81	0.000000	0/0_73.jpg
73	0.000000	0/0_66.jpg
530	6.000000	103/103_97.jpg
486	6.000000	103/103_57.jpg
462	6.000000	103/103_35.jpg
42	0.000000	0/0_38.jpg
94	0.000000	0/0_85.jpg
17	0.000000	0/0_15.jpg
370	4.000000	101/101_90.jpg
165	2.000000	10/10_41.jpg
180	2.000000	10/10_55.jpg
420	5.000000	102/102_45.jpg
44	0.000000	0/0_4.jpg
11	0.000000	0/0_108.jpg
152	2.000000	10/10_3.jpg
407	5.000000	102/102_33.jpg
40	0.000000	0/0_36.jpg
4	0.000000	0/0_101.jpg
502	6.000000	103/103_71.jpg
118	1.000000	1/1_16.jpg
150	2.000000	10/10_28.jpg
285	4.000000	101/101_13.jpg
476	6.000000	103/103_48.jpg
414	5.000000	102/102_4.jpg
155	2.000000	10/10_32.jpg
325	4.000000	101/101_5.jpg
1	0.000000	0/0_1.jpg
138	2.000000	10/10_17.jpg
384	5.000000	102/102_12.jpg
366	4.000000	101/101_87.jpg
116	1.000000	1/1_14.jpg
97	0.000000	0/0_88.jpg
362	4.000000	101/101_83.jpg
133	2.000000	10/10_12.jpg
394	5.000000	102/102_21.jpg
137	2.000000	10/10_16.jpg
306	4.000000	101/101_32.jpg
39	0.000000	0/0_35.jpg
211	3.000000	100/100_16.jpg
106	0.000000	0/0_96.jpg
74	0.000000	0/0_67.jpg
213	3.000000	100/100_18.jpg
355	4.000000	101/101_77.jpg
296	4.000000	101/101_23.jpg
310	4.000000	101/101_36.jpg
99	0.000000	0/0_9.jpg
390	5.000000	102/102_18.jpg
232	3.000000	100/100_35.jpg
449	6.000000	103/103_23.jpg
230	3.000000	100/100_33.jpg
411	5.000000	102/102_37.jpg
218	3.000000	100/100_22.jpg
276	3.000000	100/100_75.jpg
18	0.000000	0/0_16.jpg
381	5.000000	102/102_1.jpg
352	4.000000	101/101_74.jpg
34	0.000000	0/0_30.jpg
128	1.000000	1/1_9.jpg
62	0.000000	0/0_56.jpg
46	0.000000	0/0_41.jpg
328	4.000000	101/101_52.jpg
108	0.000000	0/0_98.jpg
71	0.000000	0/0_64.jpg
471	6.000000	103/103_43.jpg
48	0.000000	0/0_43.jpg
80	0.000000	0/0_72.jpg
127	1.000000	1/1_8.jpg
101	0.000000	0/0_91.jpg
24	0.000000	0/0_21.jpg
242	3.000000	100/100_44.jpg
504	6.000000	103/103_73.jpg
505	6.000000	103/103_74.jpg
227	3.000000	100/100_30.jpg
527	6.000000	103/103_94.jpg
19	0.000000	0/0_17.jpg
279	4.000000	101/101_0.jpg
244	3.000000	100/100_46.jpg
329	4.000000	101/101_53.jpg
337	4.000000	101/101_60.jpg
459	6.000000	103/103_32.jpg
77	0.000000	0/0_7.jpg
431	5.000000	102/102_9.jpg
347	4.000000	101/101_7.jpg
444	6.000000	103/103_19.jpg
53	0.000000	0/0_48.jpg
371	4.000000	101/101_91.jpg
199	2.000000	10/10_72.jpg
22	0.000000	0/0_2.jpg
503	6.000000	103/103_72.jpg
408	5.000000	102/102_34.jpg
368	4.000000	101/101_89.jpg
60	0.000000	0/0_54.jpg
496	6.000000	103/103_66.jpg
479	6.000000	103/103_50.jpg
243	3.000000	100/100_45.jpg
58	0.000000	0/0_52.jpg
454	6.000000	103/103_28.jpg
6	0.000000	0/0_103.jpg
233	3.000000	100/100_36.jpg
170	2.000000	10/10_46.jpg
513	6.000000	103/103_81.jpg
290	4.000000	101/101_18.jpg
372	4.000000	101/101_92.jpg
383	5.000000	102/102_11.jpg
492	6.000000	103/103_62.jpg
110	1.000000	1/1_0.jpg
318	4.000000	101/101_43.jpg
268	3.000000	100/100_68.jpg
158	2.000000	10/10_35.jpg
524	6.000000	103/103_91.jpg
304	4.000000	101/101_30.jpg
400	5.000000	102/102_27.jpg
25	0.000000	0/0_22.jpg
460	6.000000	103/103_33.jpg
61	0.000000	0/0_55.jpg
356	4.000000	101/101_78.jpg
432	6.000000	103/103_0.jpg
140	2.000000	10/10_19.jpg
385	5.000000	102/102_13.jpg
27	0.000000	0/0_24.jpg
84	0.000000	0/0_76.jpg
167	2.000000	10/10_43.jpg
299	4.000000	101/101_26.jpg
346	4.000000	101/101_69.jpg
29	0.000000	0/0_26.jpg
484	6.000000	103/103_55.jpg
130	2.000000	10/10_1.jpg
298	4.000000	101/101_25.jpg
252	3.000000	100/100_53.jpg
410	5.000000	102/102_36.jpg
262	3.000000	100/100_62.jpg
392	5.000000	102/102_2.jpg
223	3.000000	100/100_27.jpg
456	6.000000	103/103_3.jpg
361	4.000000	101/101_82.jpg
421	5.000000	102/102_46.jpg
433	6.000000	103/103_1.jpg
122	1.000000	1/1_3.jpg
129	2.000000	10/10_0.jpg
222	3.000000	100/100_26.jpg
333	4.000000	101/101_57.jpg
153	2.000000	10/10_30.jpg
51	0.000000	0/0_46.jpg
416	5.000000	102/102_41.jpg
31	0.000000	0/0_28.jpg
389	5.000000	102/102_17.jpg
205	3.000000	100/100_10.jpg
247	3.000000	100/100_49.jpg
185	2.000000	10/10_6.jpg
437	6.000000	103/103_12.jpg
277	3.000000	100/100_8.jpg
175	2.000000	10/10_50.jpg
349	4.000000	101/101_71.jpg
270	3.000000	100/100_7.jpg
173	2.000000	10/10_49.jpg
302	4.000000	101/101_29.jpg
353	4.000000	101/101_75.jpg
148	2.000000	10/10_26.jpg
365	4.000000	101/101_86.jpg
259	3.000000	100/100_6.jpg
483	6.000000	103/103_54.jpg
515	6.000000	103/103_83.jpg
367	4.000000	101/101_88.jpg
126	1.000000	1/1_7.jpg
311	4.000000	101/101_37.jpg
26	0.000000	0/0_23.jpg
387	5.000000	102/102_15.jpg
283	4.000000	101/101_11.jpg
319	4.000000	101/101_44.jpg
64	0.000000	0/0_58.jpg
198	2.000000	10/10_71.jpg
497	6.000000	103/103_67.jpg
490	6.000000	103/103_60.jpg
409	5.000000	102/102_35.jpg
229	3.000000	100/100_32.jpg
121	1.000000	1/1_2.jpg
340	4.000000	101/101_63.jpg
467	6.000000	103/103_4.jpg
13	0.000000	0/0_11.jpg
430	5.000000	102/102_8.jpg
85	0.000000	0/0_77.jpg
98	0.000000	0/0_89.jpg
83	0.000000	0/0_75.jpg
289	4.000000	101/101_17.jpg
435	6.000000	103/103_100.jpg
396	5.000000	102/102_23.jpg
75	0.000000	0/0_68.jpg
202	2.000000	10/10_9.jpg
308	4.000000	101/101_34.jpg
2	0.000000	0/0_10.jpg
92	0.000000	0/0_83.jpg
63	0.000000	0/0_57.jpg
326	4.000000	101/101_50.jpg
332	4.000000	101/101_56.jpg
438	6.000000	103/103_13.jpg
522	6.000000	103/103_9.jpg
192	2.000000	10/10_66.jpg
418	5.000000	102/102_43.jpg
405	5.000000	102/102_31.jpg
461	6.000000	103/103_34.jpg
141	2.000000	10/10_2.jpg
284	4.000000	101/101_12.jpg
236	3.000000	100/100_39.jpg
489	6.000000	103/103_6.jpg
206	3.000000	100/100_11.jpg
107	0.000000	0/0_97.jpg
427	5.000000	102/102_51.jpg
493	6.000000	103/103_63.jpg
518	6.000000	103/103_86.jpg
320	4.000000	101/101_45.jpg
189	2.000000	10/10_63.jpg
177	2.000000	10/10_52.jpg
457	6.000000	103/103_30.jpg
193	2.000000	10/10_67.jpg
144	2.000000	10/10_22.jpg
182	2.000000	10/10_57.jpg
208	3.000000	100/100_13.jpg
316	4.000000	101/101_41.jpg
235	3.000000	100/100_38.jpg
343	4.000000	101/101_66.jpg
209	3.000000	100/100_14.jpg
49	0.000000	0/0_44.jpg
269	3.000000	100/100_69.jpg
466	6.000000	103/103_39.jpg
82	0.000000	0/0_74.jpg
124	1.000000	1/1_5.jpg
112	1.000000	1/1_10.jpg
519	6.000000	103/103_87.jpg
443	6.000000	103/103_18.jpg
358	4.000000	101/101_8.jpg
402	5.000000	102/102_29.jpg
178	2.000000	10/10_53.jpg
465	6.000000	103/103_38.jpg
470	6.000000	103/103_42.jpg
149	2.000000	10/10_27.jpg
